// Jest Snapshot v1, https://goo.gl/fbAQLP

exports[`first snapshot 1`] = `
<div>
  <div
    className="MuiTabs-root makeStyles-tabStyle-1"
    data-testid="tabs"
  >
    <div
      className="MuiTabs-scroller MuiTabs-fixed"
      onScroll={[Function]}
      style={
        Object {
          "marginBottom": null,
          "overflow": "hidden",
        }
      }
    >
      <div
        className="MuiTabs-flexContainer"
        onKeyDown={[Function]}
        role="tablist"
      >
        <button
          aria-selected={true}
          className="MuiButtonBase-root MuiTab-root MuiTab-textColorInherit makeStyles-cr-2 Mui-selected"
          disabled={false}
          id="curTab"
          onBlur={[Function]}
          onClick={[Function]}
          onDragLeave={[Function]}
          onFocus={[Function]}
          onKeyDown={[Function]}
          onKeyUp={[Function]}
          onMouseDown={[Function]}
          onMouseLeave={[Function]}
          onMouseUp={[Function]}
          onTouchEnd={[Function]}
          onTouchMove={[Function]}
          onTouchStart={[Function]}
          role="tab"
          tabIndex={0}
          type="button"
        >
          <span
            className="MuiTab-wrapper"
          >
            Current Reading
          </span>
          <span
            className="PrivateTabIndicator-root-4 PrivateTabIndicator-colorSecondary-6 MuiTabs-indicator"
            style={
              Object {
                "backgroundColor": "rgba(44, 224, 128, 1)",
              }
            }
          />
        </button>
        <button
          aria-selected={false}
          className="MuiButtonBase-root MuiTab-root MuiTab-textColorInherit makeStyles-r-3"
          disabled={false}
          id="finishTab"
          onBlur={[Function]}
          onClick={[Function]}
          onDragLeave={[Function]}
          onFocus={[Function]}
          onKeyDown={[Function]}
          onKeyUp={[Function]}
          onMouseDown={[Function]}
          onMouseLeave={[Function]}
          onMouseUp={[Function]}
          onTouchEnd={[Function]}
          onTouchMove={[Function]}
          onTouchStart={[Function]}
          role="tab"
          tabIndex={-1}
          type="button"
        >
          <span
            className="MuiTab-wrapper"
          >
            finished
          </span>
        </button>
      </div>
    </div>
  </div>
  <div>
    <h1>
       
      <div
        className="MuiContainer-root MuiContainer-maxWidthLg"
      >
        <div
          className="MuiGrid-root MuiGrid-container"
        />
      </div>
       
    </h1>
  </div>
  <div />
</div>
`;
