// Jest Snapshot v1, https://goo.gl/fbAQLP

exports[`first snapshot 1`] = `
<div
  className="makeStyles-main-1"
>
  <div
    className="makeStyles-logo-2"
  >
    <img
      alt="blinkistcoverlogo"
      height={770}
      src="image 1.png"
      width={950}
    />
    <h2
      className="MuiTypography-root makeStyles-heading-3 MuiTypography-h2"
    >
      LDP Dev interns-
    </h2>
    <h2
      className="MuiTypography-root makeStyles-heading2-4 MuiTypography-h2"
    >
      Blinkist ps
    </h2>
  </div>
  <button
    className="MuiButtonBase-root MuiButton-root MuiButton-outlined makeStyles-buttons-5 MuiButton-outlinedSizeLarge MuiButton-sizeLarge"
    disabled={false}
    onBlur={[Function]}
    onClick={[Function]}
    onDragLeave={[Function]}
    onFocus={[Function]}
    onKeyDown={[Function]}
    onKeyUp={[Function]}
    onMouseDown={[Function]}
    onMouseLeave={[Function]}
    onMouseUp={[Function]}
    onTouchEnd={[Function]}
    onTouchMove={[Function]}
    onTouchStart={[Function]}
    tabIndex={0}
    type="button"
  >
    <span
      className="MuiButton-label"
    >
      Login
    </span>
  </button>
</div>
`;
